
> portail@0.1.0 build
> next build

node.exe : ÔÜá 
Warning: Next.js 
inferred your 
workspace root, but it 
may not be correct.
Au caractère Ligne:1 : 
1
+ & "C:\Users\axel.calc
avecchi\Pictures\node-v
24.7.0-win-x64/node.exe
"  ...
+ ~~~~~~~~~~~~~~~~~~~~~
~~~~~~~~~~~~~~~~~~~~~~~
~~~~~~~~~~~~~~~~~~~~~~~
~~
    + CategoryInfo     
         : NotSpecifi  
  ed: (ÔÜá Warning:    
 Ne...not be correc    
t.:String) [], Rem    
oteException
    + FullyQualifiedEr 
   rorId : NativeComm  
  andError
 
 We detected multiple 
lockfiles and selected 
the directory of C:\Use
rs\axel.calcavecchi\pac
kage-lock.json as the 
root directory.
 To silence this 
warning, set 
`turbopack.root` in 
your Next.js config, 
or consider removing 
one of the lockfiles 
if it's not needed.
   See https://nextjs.o
rg/docs/app/api-referen
ce/config/next-config-j
s/turbopack#root-direct
ory for more 
information.
 Detected additional 
lockfiles: 
   * C:\Users\axel.calc
avecchi\Pictures\portai
l\package-lock.json

Ôû▓ Next.js 16.1.6 (Turbopack)
- Environments: .env.local

ÔÜá The "middleware" 
file convention is 
deprecated. Please use 
"proxy" instead. Learn 
more: https://nextjs.or
g/docs/messages/middlew
are-to-proxy
  Creating an optimized production build ...

> Build error occurred
Error: Turbopack build 
failed with 1 errors:
./Pictures/portail/src/
components/ui/dialog.ts
x:8:1
Module not found: 
Can't resolve '@/compon
ents/ui/button'
[0m [90m  6 |[39m
 [90m  7 |[39m 
[36mimport[39m { cn 
} [36mfrom[39m 
[32m"@/lib/utils"[39m
[31m[1m>[22m[39m[9
0m  8 |[39m 
[36mimport[39m { 
[33mButton[39m } 
[36mfrom[39m [32m"@/
components/ui/button"[
39m
 [90m    |[39m [31m
[1m^[22m[39m[31m[1m
^[22m[39m[31m[1m^[
22m[39m[31m[1m^[22m
[39m[31m[1m^[22m[3
9m[31m[1m^[22m[39m
[31m[1m^[22m[39m[31
m[1m^[22m[39m[31m[
1m^[22m[39m[31m[1m^
[22m[39m[31m[1m^[2
2m[39m[31m[1m^[22m
[39m[31m[1m^[22m[39
m[31m[1m^[22m[39m[
31m[1m^[22m[39m[31m
[1m^[22m[39m[31m[1
m^[22m[39m[31m[1m^
[22m[39m[31m[1m^[22
m[39m[31m[1m^[22m[
39m[31m[1m^[22m[39m
[31m[1m^[22m[39m[3
1m[1m^[22m[39m[31m
[1m^[22m[39m[31m[1m
^[22m[39m[31m[1m^[
22m[39m[31m[1m^[22m
[39m[31m[1m^[22m[3
9m[31m[1m^[22m[39m
[31m[1m^[22m[39m[31
m[1m^[22m[39m[31m[
1m^[22m[39m[31m[1m^
[22m[39m[31m[1m^[2
2m[39m[31m[1m^[22m
[39m[31m[1m^[22m[39
m[31m[1m^[22m[39m[
31m[1m^[22m[39m[31m
[1m^[22m[39m[31m[1
m^[22m[39m[31m[1m^
[22m[39m[31m[1m^[22
m[39m[31m[1m^[22m[
39m[31m[1m^[22m[39m
[31m[1m^[22m[39m[3
1m[1m^[22m[39m[31m
[1m^[22m[39m
 [90m  9 |[39m
 [90m 10 |[39m 
[36mfunction[39m 
[33mDialog[39m({
 [90m 11 |[39m   
[33m...[39mprops[0m

Import map: aliased to 
relative './src/compone
nts/ui/button' inside 
of [project]/Pictures/p
ortail


Import traces:
  Client Component 
Browser:
    ./Pictures/portail/
src/components/ui/dialo
g.tsx [Client 
Component Browser]
    ./Pictures/portail/
src/app/(protected)/tic
kets/[id]/TicketDetailC
ontent.tsx [Client 
Component Browser]
    ./Pictures/portail/
src/app/(protected)/tic
kets/[id]/TicketDetailC
ontent.tsx [Server 
Component]
    ./Pictures/portail/
src/app/(protected)/tic
kets/[id]/page.tsx 
[Server Component]

  Client Component SSR:
    ./Pictures/portail/
src/components/ui/dialo
g.tsx [Client 
Component SSR]
    ./Pictures/portail/
src/app/(protected)/tic
kets/[id]/TicketDetailC
ontent.tsx [Client 
Component SSR]
    ./Pictures/portail/
src/app/(protected)/tic
kets/[id]/TicketDetailC
ontent.tsx [Server 
Component]
    ./Pictures/portail/
src/app/(protected)/tic
kets/[id]/page.tsx 
[Server Component]

https://nextjs.org/docs
/messages/module-not-fo
und


    at <unknown> (./Pic
tures/portail/src/compo
nents/ui/dialog.tsx:8:1
)
    at <unknown> (https
://nextjs.org/docs/mess
ages/module-not-found)
