src/components/ui/dialog.tsx(8,24): error TS2307: Cannot find module '@/components/ui/button' or its corresponding type declarations.
